// Jest Snapshot v1, https://goo.gl/fbAQLP

exports[`renders create module review page 1`] = `
<div
  style={
    Object {
      "marginTop": 10,
    }
  }
>
  <h3>
    New Post
  </h3>
  <form
    className=""
    onSubmit={[Function]}
  >
    <input
      autoComplete="off"
      className="form-control"
      onChange={[Function]}
      onClick={[Function]}
      onKeyDown={[Function]}
      placeholder="Choose a module"
      value=""
    />
    <br />
    <input
      className="form-control form-control"
      onChange={[Function]}
      placeholder="Title"
      required={true}
      type="text"
      value=""
    />
    <br />
    <div
      dangerouslySetInnerHTML={
        Object {
          "__html": "",
        }
      }
    />
    <br />
    <div
      className="form-check"
    >
      <input
        checked={false}
        className="form-check-input"
        disabled={false}
        id="postAnonymously"
        onChange={[Function]}
        type="checkbox"
      />
      <label
        className="form-check-label"
        htmlFor="postAnonymously"
        title=""
      >
        Post anonymously
      </label>
    </div>
    <br />
    <div
      className="form-group"
    >
      <button
        className="btn btn-primary btn btn-primary"
        disabled={false}
        type="submit"
      >
        Submit Post
      </button>
      <p />
    </div>
  </form>
</div>
`;
