// Jest Snapshot v1, https://goo.gl/fbAQLP

exports[`renders app 1`] = `
<div
  className="container"
>
  <nav
    className="navbar navbar-expand-sm navbar-light bg-light sticky-top"
  >
    <a
      className="navbar-brand"
      href="/"
      onClick={[Function]}
    >
      <img
        alt="MODQ Logo"
        height="50"
        src="logo.jpg"
        width="50"
      />
      MODQ
    </a>
    <button
      aria-controls="basic-navbar-nav"
      aria-label="Toggle navigation"
      className="navbar-toggler collapsed"
      onClick={[Function]}
      type="button"
    >
      <span
        className="navbar-toggler-icon"
      />
    </button>
    <div
      aria-expanded={null}
      className="navbar-collapse collapse"
    >
      <div
        className="mr-auto navbar-nav"
        onKeyDown={[Function]}
      >
        <a
          className="nav-link"
          href="/"
          onClick={[Function]}
        >
          Home
        </a>
        <a
          className="nav-link"
          href="/reviews/new"
          onClick={[Function]}
        >
          Create a Post
        </a>
        <a
          className="nav-link"
          href="/users/signup"
          onClick={[Function]}
        >
          Register
        </a>
        <a
          className="nav-link"
          href="/users/login"
          onClick={[Function]}
        >
          Log In
        </a>
      </div>
    </div>
  </nav>
  <br />
  <form
    className="search"
    onSubmit={[Function]}
  >
    <div
      className="form-row"
    >
      <div
        className="searchComponent col-md"
      >
        <div
          className="d-flex btn-group btn-group-toggle"
          role="group"
        >
          <label
            className="btn active btn-outline-info"
            disabled={false}
          >
            <input
              autoComplete="off"
              checked={true}
              disabled={false}
              name="sort"
              onBlur={[Function]}
              onChange={[Function]}
              onFocus={[Function]}
              type="radio"
              value="-createdAt"
            />
            Newest
          </label>
          <label
            className="btn btn-outline-info"
            disabled={false}
          >
            <input
              autoComplete="off"
              checked={false}
              disabled={false}
              name="sort"
              onBlur={[Function]}
              onChange={[Function]}
              onFocus={[Function]}
              type="radio"
              value="createdAt"
            />
            Oldest
          </label>
          <label
            className="btn btn-outline-info"
            disabled={false}
          >
            <input
              autoComplete="off"
              checked={false}
              disabled={false}
              name="sort"
              onBlur={[Function]}
              onChange={[Function]}
              onFocus={[Function]}
              type="radio"
              value="-editedAt"
            />
            Edited
          </label>
          <label
            className="btn btn-outline-info"
            disabled={false}
          >
            <input
              autoComplete="off"
              checked={false}
              disabled={false}
              name="sort"
              onBlur={[Function]}
              onChange={[Function]}
              onFocus={[Function]}
              type="radio"
              value="-votes"
            />
            Votes
          </label>
        </div>
      </div>
      <div
        className="searchComponent col"
      >
        <input
          autoComplete="off"
          className="form-control"
          onChange={[Function]}
          onClick={[Function]}
          onKeyDown={[Function]}
          placeholder="Choose a module"
          value=""
        />
      </div>
    </div>
    <div
      className="form-row"
    >
      <div
        className="searchComponent col-sm"
      >
        <input
          className="form-control"
          onChange={[Function]}
          placeholder="Search reviews"
          value=""
        />
      </div>
      <div
        className="searchComponent col-auto"
      >
        <button
          className="d-flex btn btn-info"
          disabled={false}
          type="submit"
        >
          Submit
        </button>
      </div>
      <div
        className="searchComponent col-auto"
      >
        <button
          className="d-flex btn btn-info"
          disabled={false}
          onClick={[Function]}
          type="button"
        >
          Reset
        </button>
      </div>
    </div>
  </form>
  Loading...
</div>
`;
